Analysis & Synthesis report for IF
Mon Aug 25 17:00:41 2014
Quartus II 64-Bit Version 13.0.1 Build 232 06/12/2013 Service Pack 1 SJ Web Edition


---------------------
; Table of Contents ;
---------------------
  1. Legal Notice
  2. Analysis & Synthesis Summary
  3. Analysis & Synthesis Settings
  4. Parallel Compilation
  5. Analysis & Synthesis Source Files Read
  6. Analysis & Synthesis Resource Usage Summary
  7. Analysis & Synthesis Resource Utilization by Entity
  8. Analysis & Synthesis RAM Summary
  9. State Machine - |if_complete|cache:instr_cache|current_state
 10. Registers Removed During Synthesis
 11. Removed Registers Triggering Further Register Optimizations
 12. General Register Statistics
 13. Multiplexer Restructuring Statistics (Restructuring Performed)
 14. Source assignments for cache:instr_cache|gmemory:data|altsyncram:mem_reg[0][31]__1|altsyncram_8og1:auto_generated
 15. Parameter Settings for User Entity Instance: cache:instr_cache
 16. Parameter Settings for User Entity Instance: cache:instr_cache|gmemory:data
 17. Parameter Settings for User Entity Instance: cache:instr_cache|gmemory:data|altsyncram:mem_reg[0][31]__1
 18. altsyncram Parameter Settings by Entity Instance
 19. Port Connectivity Checks: "cache:instr_cache"
 20. Elapsed Time Per Partition
 21. Analysis & Synthesis Messages



----------------
; Legal Notice ;
----------------
Copyright (C) 1991-2013 Altera Corporation
Your use of Altera Corporation's design tools, logic functions 
and other software and tools, and its AMPP partner logic 
functions, and any output files from any of the foregoing 
(including device programming or simulation files), and any 
associated documentation or information are expressly subject 
to the terms and conditions of the Altera Program License 
Subscription Agreement, Altera MegaCore Function License 
Agreement, or other applicable license agreement, including, 
without limitation, that your use is for the sole purpose of 
programming logic devices manufactured by Altera and sold by 
Altera or its authorized distributors.  Please refer to the 
applicable agreement for further details.



+--------------------------------------------------------------------------------------+
; Analysis & Synthesis Summary                                                         ;
+------------------------------------+-------------------------------------------------+
; Analysis & Synthesis Status        ; Successful - Mon Aug 25 17:00:41 2014           ;
; Quartus II 64-Bit Version          ; 13.0.1 Build 232 06/12/2013 SP 1 SJ Web Edition ;
; Revision Name                      ; IF                                              ;
; Top-level Entity Name              ; if_complete                                     ;
; Family                             ; Cyclone II                                      ;
; Total logic elements               ; 1,056                                           ;
;     Total combinational functions  ; 639                                             ;
;     Dedicated logic registers      ; 544                                             ;
; Total registers                    ; 544                                             ;
; Total pins                         ; 202                                             ;
; Total virtual pins                 ; 0                                               ;
; Total memory bits                  ; 2,048                                           ;
; Embedded Multiplier 9-bit elements ; 0                                               ;
; Total PLLs                         ; 0                                               ;
+------------------------------------+-------------------------------------------------+


+----------------------------------------------------------------------------------------------------------------------+
; Analysis & Synthesis Settings                                                                                        ;
+----------------------------------------------------------------------------+--------------------+--------------------+
; Option                                                                     ; Setting            ; Default Value      ;
+----------------------------------------------------------------------------+--------------------+--------------------+
; Device                                                                     ; EP2C70F896I8       ;                    ;
; Top-level entity name                                                      ; if_complete        ; IF                 ;
; Family name                                                                ; Cyclone II         ; Cyclone IV GX      ;
; Use smart compilation                                                      ; Off                ; Off                ;
; Enable parallel Assembler and TimeQuest Timing Analyzer during compilation ; On                 ; On                 ;
; Enable compact report table                                                ; Off                ; Off                ;
; Restructure Multiplexers                                                   ; Auto               ; Auto               ;
; Create Debugging Nodes for IP Cores                                        ; Off                ; Off                ;
; Preserve fewer node names                                                  ; On                 ; On                 ;
; Disable OpenCore Plus hardware evaluation                                  ; Off                ; Off                ;
; Verilog Version                                                            ; Verilog_2001       ; Verilog_2001       ;
; VHDL Version                                                               ; VHDL_1993          ; VHDL_1993          ;
; State Machine Processing                                                   ; Auto               ; Auto               ;
; Safe State Machine                                                         ; Off                ; Off                ;
; Extract Verilog State Machines                                             ; On                 ; On                 ;
; Extract VHDL State Machines                                                ; On                 ; On                 ;
; Ignore Verilog initial constructs                                          ; Off                ; Off                ;
; Iteration limit for constant Verilog loops                                 ; 5000               ; 5000               ;
; Iteration limit for non-constant Verilog loops                             ; 250                ; 250                ;
; Add Pass-Through Logic to Inferred RAMs                                    ; On                 ; On                 ;
; Infer RAMs from Raw Logic                                                  ; On                 ; On                 ;
; Parallel Synthesis                                                         ; On                 ; On                 ;
; DSP Block Balancing                                                        ; Auto               ; Auto               ;
; NOT Gate Push-Back                                                         ; On                 ; On                 ;
; Power-Up Don't Care                                                        ; On                 ; On                 ;
; Remove Redundant Logic Cells                                               ; Off                ; Off                ;
; Remove Duplicate Registers                                                 ; On                 ; On                 ;
; Ignore CARRY Buffers                                                       ; Off                ; Off                ;
; Ignore CASCADE Buffers                                                     ; Off                ; Off                ;
; Ignore GLOBAL Buffers                                                      ; Off                ; Off                ;
; Ignore ROW GLOBAL Buffers                                                  ; Off                ; Off                ;
; Ignore LCELL Buffers                                                       ; Off                ; Off                ;
; Ignore SOFT Buffers                                                        ; On                 ; On                 ;
; Limit AHDL Integers to 32 Bits                                             ; Off                ; Off                ;
; Optimization Technique                                                     ; Balanced           ; Balanced           ;
; Carry Chain Length                                                         ; 70                 ; 70                 ;
; Auto Carry Chains                                                          ; On                 ; On                 ;
; Auto Open-Drain Pins                                                       ; On                 ; On                 ;
; Perform WYSIWYG Primitive Resynthesis                                      ; Off                ; Off                ;
; Auto ROM Replacement                                                       ; On                 ; On                 ;
; Auto RAM Replacement                                                       ; On                 ; On                 ;
; Auto Shift Register Replacement                                            ; Auto               ; Auto               ;
; Allow Shift Register Merging across Hierarchies                            ; Auto               ; Auto               ;
; Auto Clock Enable Replacement                                              ; On                 ; On                 ;
; Strict RAM Replacement                                                     ; Off                ; Off                ;
; Allow Synchronous Control Signals                                          ; On                 ; On                 ;
; Force Use of Synchronous Clear Signals                                     ; Off                ; Off                ;
; Auto RAM to Logic Cell Conversion                                          ; Off                ; Off                ;
; Auto Resource Sharing                                                      ; Off                ; Off                ;
; Allow Any RAM Size For Recognition                                         ; Off                ; Off                ;
; Allow Any ROM Size For Recognition                                         ; Off                ; Off                ;
; Allow Any Shift Register Size For Recognition                              ; Off                ; Off                ;
; Use LogicLock Constraints during Resource Balancing                        ; On                 ; On                 ;
; Ignore translate_off and synthesis_off directives                          ; Off                ; Off                ;
; Timing-Driven Synthesis                                                    ; Off                ; Off                ;
; Report Parameter Settings                                                  ; On                 ; On                 ;
; Report Source Assignments                                                  ; On                 ; On                 ;
; Report Connectivity Checks                                                 ; On                 ; On                 ;
; Ignore Maximum Fan-Out Assignments                                         ; Off                ; Off                ;
; Synchronization Register Chain Length                                      ; 2                  ; 2                  ;
; PowerPlay Power Optimization                                               ; Normal compilation ; Normal compilation ;
; HDL message level                                                          ; Level2             ; Level2             ;
; Suppress Register Optimization Related Messages                            ; Off                ; Off                ;
; Number of Removed Registers Reported in Synthesis Report                   ; 5000               ; 5000               ;
; Number of Swept Nodes Reported in Synthesis Report                         ; 5000               ; 5000               ;
; Number of Inverted Registers Reported in Synthesis Report                  ; 100                ; 100                ;
; Clock MUX Protection                                                       ; On                 ; On                 ;
; Auto Gated Clock Conversion                                                ; Off                ; Off                ;
; Block Design Naming                                                        ; Auto               ; Auto               ;
; SDC constraint protection                                                  ; Off                ; Off                ;
; Synthesis Effort                                                           ; Auto               ; Auto               ;
; Shift Register Replacement - Allow Asynchronous Clear Signal               ; On                 ; On                 ;
; Pre-Mapping Resynthesis Optimization                                       ; Off                ; Off                ;
; Analysis & Synthesis Message Level                                         ; Medium             ; Medium             ;
; Disable Register Merging Across Hierarchies                                ; Auto               ; Auto               ;
; Resource Aware Inference For Block RAM                                     ; On                 ; On                 ;
; Synthesis Seed                                                             ; 1                  ; 1                  ;
+----------------------------------------------------------------------------+--------------------+--------------------+


Parallel compilation was disabled, but you have multiple processors available. Enable parallel compilation to reduce compilation time.
+-------------------------------------+
; Parallel Compilation                ;
+----------------------------+--------+
; Processors                 ; Number ;
+----------------------------+--------+
; Number detected on machine ; 4      ;
; Maximum allowed            ; 1      ;
+----------------------------+--------+


+--------------------------------------------------------------------------------------------------------------------------------------------------------------------------+
; Analysis & Synthesis Source Files Read                                                                                                                                   ;
+----------------------------------+-----------------+------------------------------+----------------------------------------------------------------------------+---------+
; File Name with User-Entered Path ; Used in Netlist ; File Type                    ; File Name with Absolute Path                                               ; Library ;
+----------------------------------+-----------------+------------------------------+----------------------------------------------------------------------------+---------+
; if_complete.vhd                  ; yes             ; User VHDL File               ; D:/Quartus Projects/VLSIProjekat_memory/Pipeline/IF/if_complete.vhd        ;         ;
; ../../Cache/cache.vhd            ; yes             ; User VHDL File               ; D:/Quartus Projects/VLSIProjekat_memory/Cache/cache.vhd                    ;         ;
; ../../Cache/gmemory.vhd          ; yes             ; User VHDL File               ; D:/Quartus Projects/VLSIProjekat_memory/Cache/gmemory.vhd                  ;         ;
; altsyncram.tdf                   ; yes             ; Megafunction                 ; d:/altera/13.0sp1/quartus/libraries/megafunctions/altsyncram.tdf           ;         ;
; stratix_ram_block.inc            ; yes             ; Megafunction                 ; d:/altera/13.0sp1/quartus/libraries/megafunctions/stratix_ram_block.inc    ;         ;
; lpm_mux.inc                      ; yes             ; Megafunction                 ; d:/altera/13.0sp1/quartus/libraries/megafunctions/lpm_mux.inc              ;         ;
; lpm_decode.inc                   ; yes             ; Megafunction                 ; d:/altera/13.0sp1/quartus/libraries/megafunctions/lpm_decode.inc           ;         ;
; aglobal130.inc                   ; yes             ; Megafunction                 ; d:/altera/13.0sp1/quartus/libraries/megafunctions/aglobal130.inc           ;         ;
; a_rdenreg.inc                    ; yes             ; Megafunction                 ; d:/altera/13.0sp1/quartus/libraries/megafunctions/a_rdenreg.inc            ;         ;
; altrom.inc                       ; yes             ; Megafunction                 ; d:/altera/13.0sp1/quartus/libraries/megafunctions/altrom.inc               ;         ;
; altram.inc                       ; yes             ; Megafunction                 ; d:/altera/13.0sp1/quartus/libraries/megafunctions/altram.inc               ;         ;
; altdpram.inc                     ; yes             ; Megafunction                 ; d:/altera/13.0sp1/quartus/libraries/megafunctions/altdpram.inc             ;         ;
; db/altsyncram_8og1.tdf           ; yes             ; Auto-Generated Megafunction  ; D:/Quartus Projects/VLSIProjekat_memory/Pipeline/IF/db/altsyncram_8og1.tdf ;         ;
+----------------------------------+-----------------+------------------------------+----------------------------------------------------------------------------+---------+


+-----------------------------------------------------+
; Analysis & Synthesis Resource Usage Summary         ;
+---------------------------------------------+-------+
; Resource                                    ; Usage ;
+---------------------------------------------+-------+
; Estimated Total logic elements              ; 1,056 ;
;                                             ;       ;
; Total combinational functions               ; 639   ;
; Logic element usage by number of LUT inputs ;       ;
;     -- 4 input functions                    ; 454   ;
;     -- 3 input functions                    ; 113   ;
;     -- <=2 input functions                  ; 72    ;
;                                             ;       ;
; Logic elements by mode                      ;       ;
;     -- normal mode                          ; 608   ;
;     -- arithmetic mode                      ; 31    ;
;                                             ;       ;
; Total registers                             ; 544   ;
;     -- Dedicated logic registers            ; 544   ;
;     -- I/O registers                        ; 0     ;
;                                             ;       ;
; I/O pins                                    ; 202   ;
; Total memory bits                           ; 2048  ;
; Embedded Multiplier 9-bit elements          ; 0     ;
; Maximum fan-out node                        ; clk   ;
; Maximum fan-out                             ; 576   ;
; Total fan-out                               ; 4315  ;
; Average fan-out                             ; 3.05  ;
+---------------------------------------------+-------+


+-----------------------------------------------------------------------------------------------------------------------------------------------------------------------------------------------------------------------------------------------------------------------------------+
; Analysis & Synthesis Resource Utilization by Entity                                                                                                                                                                                                                               ;
+----------------------------------------------+-------------------+--------------+-------------+--------------+---------+-----------+------+--------------+---------------------------------------------------------------------------------------------------------+--------------+
; Compilation Hierarchy Node                   ; LC Combinationals ; LC Registers ; Memory Bits ; DSP Elements ; DSP 9x9 ; DSP 18x18 ; Pins ; Virtual Pins ; Full Hierarchy Name                                                                                     ; Library Name ;
+----------------------------------------------+-------------------+--------------+-------------+--------------+---------+-----------+------+--------------+---------------------------------------------------------------------------------------------------------+--------------+
; |if_complete                                 ; 639 (106)         ; 544 (0)      ; 2048        ; 0            ; 0       ; 0         ; 202  ; 0            ; |if_complete                                                                                            ; work         ;
;    |cache:instr_cache|                       ; 533 (501)         ; 544 (511)    ; 2048        ; 0            ; 0       ; 0         ; 0    ; 0            ; |if_complete|cache:instr_cache                                                                          ; work         ;
;       |gmemory:data|                         ; 32 (32)           ; 33 (33)      ; 2048        ; 0            ; 0       ; 0         ; 0    ; 0            ; |if_complete|cache:instr_cache|gmemory:data                                                             ; work         ;
;          |altsyncram:mem_reg[0][31]__1|      ; 0 (0)             ; 0 (0)        ; 2048        ; 0            ; 0       ; 0         ; 0    ; 0            ; |if_complete|cache:instr_cache|gmemory:data|altsyncram:mem_reg[0][31]__1                                ; work         ;
;             |altsyncram_8og1:auto_generated| ; 0 (0)             ; 0 (0)        ; 2048        ; 0            ; 0       ; 0         ; 0    ; 0            ; |if_complete|cache:instr_cache|gmemory:data|altsyncram:mem_reg[0][31]__1|altsyncram_8og1:auto_generated ; work         ;
+----------------------------------------------+-------------------+--------------+-------------+--------------+---------+-----------+------+--------------+---------------------------------------------------------------------------------------------------------+--------------+
Note: For table entries with two numbers listed, the numbers in parentheses indicate the number of resources of the given type used by the specific entity alone. The numbers listed outside of parentheses indicate the total resources of the given type used by the specific entity and all of its sub-entities in the hierarchy.


+-----------------------------------------------------------------------------------------------------------------------------------------------------------------------------------------------------------+
; Analysis & Synthesis RAM Summary                                                                                                                                                                          ;
+-------------------------------------------------------------------------------------------------------+------+------------------+--------------+--------------+--------------+--------------+------+------+
; Name                                                                                                  ; Type ; Mode             ; Port A Depth ; Port A Width ; Port B Depth ; Port B Width ; Size ; MIF  ;
+-------------------------------------------------------------------------------------------------------+------+------------------+--------------+--------------+--------------+--------------+------+------+
; cache:instr_cache|gmemory:data|altsyncram:mem_reg[0][31]__1|altsyncram_8og1:auto_generated|ALTSYNCRAM ; AUTO ; Simple Dual Port ; 64           ; 32           ; 64           ; 32           ; 2048 ; None ;
+-------------------------------------------------------------------------------------------------------+------+------------------+--------------+--------------+--------------+--------------+------+------+


Encoding Type:  One-Hot
+--------------------------------------------------------------------------------------------------------------------------------------------------------------------------------------------------------------------------------------------------------------------------------------------------------------------------------------------------------------------------+
; State Machine - |if_complete|cache:instr_cache|current_state                                                                                                                                                                                                                                                                                                             ;
+--------------------------------+----------------------------+---------------------------+---------------------------+----------------------------+--------------------------------+--------------------------------+-----------------------------+-------------------------------+-----------------------------+------------------------------+--------------------------+
; Name                           ; current_state.ACK_WAIT_STP ; current_state.ACK_WAIT_WB ; current_state.ACK_WAIT_RM ; current_state.STOPED_STATE ; current_state.WAITING_WB_STATE ; current_state.WRITE_BACK_STATE ; current_state.EXECUTE_STATE ; current_state.READ_DBUS_STATE ; current_state.WAITING_STATE ; current_state.READ_MEM_STATE ; current_state.IDLE_STATE ;
+--------------------------------+----------------------------+---------------------------+---------------------------+----------------------------+--------------------------------+--------------------------------+-----------------------------+-------------------------------+-----------------------------+------------------------------+--------------------------+
; current_state.IDLE_STATE       ; 0                          ; 0                         ; 0                         ; 0                          ; 0                              ; 0                              ; 0                           ; 0                             ; 0                           ; 0                            ; 0                        ;
; current_state.READ_MEM_STATE   ; 0                          ; 0                         ; 0                         ; 0                          ; 0                              ; 0                              ; 0                           ; 0                             ; 0                           ; 1                            ; 1                        ;
; current_state.WAITING_STATE    ; 0                          ; 0                         ; 0                         ; 0                          ; 0                              ; 0                              ; 0                           ; 0                             ; 1                           ; 0                            ; 1                        ;
; current_state.READ_DBUS_STATE  ; 0                          ; 0                         ; 0                         ; 0                          ; 0                              ; 0                              ; 0                           ; 1                             ; 0                           ; 0                            ; 1                        ;
; current_state.EXECUTE_STATE    ; 0                          ; 0                         ; 0                         ; 0                          ; 0                              ; 0                              ; 1                           ; 0                             ; 0                           ; 0                            ; 1                        ;
; current_state.WRITE_BACK_STATE ; 0                          ; 0                         ; 0                         ; 0                          ; 0                              ; 1                              ; 0                           ; 0                             ; 0                           ; 0                            ; 1                        ;
; current_state.WAITING_WB_STATE ; 0                          ; 0                         ; 0                         ; 0                          ; 1                              ; 0                              ; 0                           ; 0                             ; 0                           ; 0                            ; 1                        ;
; current_state.STOPED_STATE     ; 0                          ; 0                         ; 0                         ; 1                          ; 0                              ; 0                              ; 0                           ; 0                             ; 0                           ; 0                            ; 1                        ;
; current_state.ACK_WAIT_RM      ; 0                          ; 0                         ; 1                         ; 0                          ; 0                              ; 0                              ; 0                           ; 0                             ; 0                           ; 0                            ; 1                        ;
; current_state.ACK_WAIT_WB      ; 0                          ; 1                         ; 0                         ; 0                          ; 0                              ; 0                              ; 0                           ; 0                             ; 0                           ; 0                            ; 1                        ;
; current_state.ACK_WAIT_STP     ; 1                          ; 0                         ; 0                         ; 0                          ; 0                              ; 0                              ; 0                           ; 0                             ; 0                           ; 0                            ; 1                        ;
+--------------------------------+----------------------------+---------------------------+---------------------------+----------------------------+--------------------------------+--------------------------------+-----------------------------+-------------------------------+-----------------------------+------------------------------+--------------------------+


+-------------------------------------------------------------------------------------------------------------+
; Registers Removed During Synthesis                                                                          ;
+--------------------------------------------------+----------------------------------------------------------+
; Register name                                    ; Reason for Removal                                       ;
+--------------------------------------------------+----------------------------------------------------------+
; cache:instr_cache|cpu_wr_reg                     ; Stuck at GND due to stuck port data_in                   ;
; cache:instr_cache|stop_reg                       ; Stuck at VCC due to stuck port data_in                   ;
; cache:instr_cache|cpu_data_in_reg[0..31]         ; Lost fanout                                              ;
; cache:instr_cache|dirty[0..15]                   ; Stuck at GND due to stuck port data_in                   ;
; cache:instr_cache|entry_reg[0..2]                ; Merged with cache:instr_cache|entry_reg[3]               ;
; cache:instr_cache|entry_reg[3]                   ; Stuck at GND due to stuck port data_in                   ;
; cache:instr_cache|current_state.ACK_WAIT_WB      ; Merged with cache:instr_cache|current_state.ACK_WAIT_STP ;
; cache:instr_cache|current_state.ACK_WAIT_STP     ; Stuck at GND due to stuck port data_in                   ;
; cache:instr_cache|current_state.WRITE_BACK_STATE ; Stuck at GND due to stuck port data_in                   ;
; cache:instr_cache|current_state.WAITING_WB_STATE ; Stuck at GND due to stuck port data_in                   ;
; Total Number of Removed Registers = 58           ;                                                          ;
+--------------------------------------------------+----------------------------------------------------------+


+--------------------------------------------------------------------------------------------------------------------------------------------------+
; Removed Registers Triggering Further Register Optimizations                                                                                      ;
+------------------------------+---------------------------+---------------------------------------------------------------------------------------+
; Register name                ; Reason for Removal        ; Registers Removed due to This Register                                                ;
+------------------------------+---------------------------+---------------------------------------------------------------------------------------+
; cache:instr_cache|cpu_wr_reg ; Stuck at GND              ; cache:instr_cache|cpu_data_in_reg[31], cache:instr_cache|cpu_data_in_reg[30],         ;
;                              ; due to stuck port data_in ; cache:instr_cache|cpu_data_in_reg[29], cache:instr_cache|cpu_data_in_reg[28],         ;
;                              ;                           ; cache:instr_cache|cpu_data_in_reg[27], cache:instr_cache|cpu_data_in_reg[26],         ;
;                              ;                           ; cache:instr_cache|cpu_data_in_reg[25], cache:instr_cache|cpu_data_in_reg[24],         ;
;                              ;                           ; cache:instr_cache|cpu_data_in_reg[23], cache:instr_cache|cpu_data_in_reg[22],         ;
;                              ;                           ; cache:instr_cache|cpu_data_in_reg[21], cache:instr_cache|cpu_data_in_reg[20],         ;
;                              ;                           ; cache:instr_cache|cpu_data_in_reg[19], cache:instr_cache|cpu_data_in_reg[18],         ;
;                              ;                           ; cache:instr_cache|cpu_data_in_reg[17], cache:instr_cache|cpu_data_in_reg[16],         ;
;                              ;                           ; cache:instr_cache|cpu_data_in_reg[15], cache:instr_cache|cpu_data_in_reg[14],         ;
;                              ;                           ; cache:instr_cache|cpu_data_in_reg[13], cache:instr_cache|cpu_data_in_reg[12],         ;
;                              ;                           ; cache:instr_cache|cpu_data_in_reg[11], cache:instr_cache|cpu_data_in_reg[10],         ;
;                              ;                           ; cache:instr_cache|cpu_data_in_reg[9], cache:instr_cache|cpu_data_in_reg[8],           ;
;                              ;                           ; cache:instr_cache|cpu_data_in_reg[7], cache:instr_cache|cpu_data_in_reg[6],           ;
;                              ;                           ; cache:instr_cache|cpu_data_in_reg[5], cache:instr_cache|cpu_data_in_reg[4],           ;
;                              ;                           ; cache:instr_cache|cpu_data_in_reg[3], cache:instr_cache|cpu_data_in_reg[2],           ;
;                              ;                           ; cache:instr_cache|cpu_data_in_reg[1], cache:instr_cache|cpu_data_in_reg[0],           ;
;                              ;                           ; cache:instr_cache|dirty[15], cache:instr_cache|dirty[14],                             ;
;                              ;                           ; cache:instr_cache|dirty[13], cache:instr_cache|dirty[12],                             ;
;                              ;                           ; cache:instr_cache|dirty[11], cache:instr_cache|dirty[10], cache:instr_cache|dirty[9], ;
;                              ;                           ; cache:instr_cache|dirty[8], cache:instr_cache|dirty[7], cache:instr_cache|dirty[6],   ;
;                              ;                           ; cache:instr_cache|dirty[5], cache:instr_cache|dirty[4], cache:instr_cache|dirty[3],   ;
;                              ;                           ; cache:instr_cache|dirty[2], cache:instr_cache|dirty[1], cache:instr_cache|dirty[0]    ;
+------------------------------+---------------------------+---------------------------------------------------------------------------------------+


+------------------------------------------------------+
; General Register Statistics                          ;
+----------------------------------------------+-------+
; Statistic                                    ; Value ;
+----------------------------------------------+-------+
; Total registers                              ; 544   ;
; Number of registers using Synchronous Clear  ; 0     ;
; Number of registers using Synchronous Load   ; 0     ;
; Number of registers using Asynchronous Clear ; 24    ;
; Number of registers using Asynchronous Load  ; 0     ;
; Number of registers using Clock Enable       ; 454   ;
; Number of registers using Preset             ; 0     ;
+----------------------------------------------+-------+


+---------------------------------------------------------------------------------------------------------------------------------------------------------------+
; Multiplexer Restructuring Statistics (Restructuring Performed)                                                                                                ;
+--------------------+-----------+---------------+----------------------+------------------------+------------+-------------------------------------------------+
; Multiplexer Inputs ; Bus Width ; Baseline Area ; Area if Restructured ; Saving if Restructured ; Registered ; Example Multiplexer Output                      ;
+--------------------+-----------+---------------+----------------------+------------------------+------------+-------------------------------------------------+
; 9:1                ; 4 bits    ; 24 LEs        ; 8 LEs                ; 16 LEs                 ; Yes        ; |if_complete|cache:instr_cache|mem_wait_for[0]  ;
; 8:1                ; 2 bits    ; 10 LEs        ; 4 LEs                ; 6 LEs                  ; Yes        ; |if_complete|cache:instr_cache|words_counter[0] ;
; 3:1                ; 2 bits    ; 4 LEs         ; 2 LEs                ; 2 LEs                  ; No         ; |if_complete|cache:instr_cache|next_state       ;
; 10:1               ; 2 bits    ; 12 LEs        ; 8 LEs                ; 4 LEs                  ; No         ; |if_complete|cache:instr_cache|Selector107      ;
; 13:1               ; 4 bits    ; 32 LEs        ; 12 LEs               ; 20 LEs                 ; No         ; |if_complete|cache:instr_cache|Selector103      ;
+--------------------+-----------+---------------+----------------------+------------------------+------------+-------------------------------------------------+


+-------------------------------------------------------------------------------------------------------------------+
; Source assignments for cache:instr_cache|gmemory:data|altsyncram:mem_reg[0][31]__1|altsyncram_8og1:auto_generated ;
+---------------------------------+--------------------+------+-----------------------------------------------------+
; Assignment                      ; Value              ; From ; To                                                  ;
+---------------------------------+--------------------+------+-----------------------------------------------------+
; OPTIMIZE_POWER_DURING_SYNTHESIS ; NORMAL_COMPILATION ; -    ; -                                                   ;
+---------------------------------+--------------------+------+-----------------------------------------------------+


+----------------------------------------------------------------+
; Parameter Settings for User Entity Instance: cache:instr_cache ;
+----------------+-------+---------------------------------------+
; Parameter Name ; Value ; Type                                  ;
+----------------+-------+---------------------------------------+
; k              ; 4     ; Signed Integer                        ;
; l              ; 2     ; Signed Integer                        ;
+----------------+-------+---------------------------------------+
Note: In order to hide this table in the UI and the text report file, please set the "Show Parameter Settings in Synthesis Report" option in "Analysis and Synthesis Settings -> More Settings" to "Off".


+-----------------------------------------------------------------------------+
; Parameter Settings for User Entity Instance: cache:instr_cache|gmemory:data ;
+----------------+-------+----------------------------------------------------+
; Parameter Name ; Value ; Type                                               ;
+----------------+-------+----------------------------------------------------+
; tcq            ; 0 fs  ; Physical                                           ;
; address_width  ; 6     ; Signed Integer                                     ;
; data_width     ; 32    ; Signed Integer                                     ;
+----------------+-------+----------------------------------------------------+
Note: In order to hide this table in the UI and the text report file, please set the "Show Parameter Settings in Synthesis Report" option in "Analysis and Synthesis Settings -> More Settings" to "Off".


+----------------------------------------------------------------------------------------------------------+
; Parameter Settings for User Entity Instance: cache:instr_cache|gmemory:data|altsyncram:mem_reg[0][31]__1 ;
+------------------------------------+----------------------+----------------------------------------------+
; Parameter Name                     ; Value                ; Type                                         ;
+------------------------------------+----------------------+----------------------------------------------+
; BYTE_SIZE_BLOCK                    ; 8                    ; Untyped                                      ;
; AUTO_CARRY_CHAINS                  ; ON                   ; AUTO_CARRY                                   ;
; IGNORE_CARRY_BUFFERS               ; OFF                  ; IGNORE_CARRY                                 ;
; AUTO_CASCADE_CHAINS                ; ON                   ; AUTO_CASCADE                                 ;
; IGNORE_CASCADE_BUFFERS             ; OFF                  ; IGNORE_CASCADE                               ;
; WIDTH_BYTEENA                      ; 1                    ; Untyped                                      ;
; OPERATION_MODE                     ; DUAL_PORT            ; Untyped                                      ;
; WIDTH_A                            ; 32                   ; Untyped                                      ;
; WIDTHAD_A                          ; 6                    ; Untyped                                      ;
; NUMWORDS_A                         ; 64                   ; Untyped                                      ;
; OUTDATA_REG_A                      ; UNREGISTERED         ; Untyped                                      ;
; ADDRESS_ACLR_A                     ; NONE                 ; Untyped                                      ;
; OUTDATA_ACLR_A                     ; NONE                 ; Untyped                                      ;
; WRCONTROL_ACLR_A                   ; NONE                 ; Untyped                                      ;
; INDATA_ACLR_A                      ; NONE                 ; Untyped                                      ;
; BYTEENA_ACLR_A                     ; NONE                 ; Untyped                                      ;
; WIDTH_B                            ; 32                   ; Untyped                                      ;
; WIDTHAD_B                          ; 6                    ; Untyped                                      ;
; NUMWORDS_B                         ; 64                   ; Untyped                                      ;
; INDATA_REG_B                       ; CLOCK1               ; Untyped                                      ;
; WRCONTROL_WRADDRESS_REG_B          ; CLOCK1               ; Untyped                                      ;
; RDCONTROL_REG_B                    ; CLOCK1               ; Untyped                                      ;
; ADDRESS_REG_B                      ; CLOCK0               ; Untyped                                      ;
; OUTDATA_REG_B                      ; UNREGISTERED         ; Untyped                                      ;
; BYTEENA_REG_B                      ; CLOCK1               ; Untyped                                      ;
; INDATA_ACLR_B                      ; NONE                 ; Untyped                                      ;
; WRCONTROL_ACLR_B                   ; NONE                 ; Untyped                                      ;
; ADDRESS_ACLR_B                     ; NONE                 ; Untyped                                      ;
; OUTDATA_ACLR_B                     ; NONE                 ; Untyped                                      ;
; RDCONTROL_ACLR_B                   ; NONE                 ; Untyped                                      ;
; BYTEENA_ACLR_B                     ; NONE                 ; Untyped                                      ;
; WIDTH_BYTEENA_A                    ; 1                    ; Untyped                                      ;
; WIDTH_BYTEENA_B                    ; 1                    ; Untyped                                      ;
; RAM_BLOCK_TYPE                     ; AUTO                 ; Untyped                                      ;
; BYTE_SIZE                          ; 8                    ; Untyped                                      ;
; READ_DURING_WRITE_MODE_MIXED_PORTS ; OLD_DATA             ; Untyped                                      ;
; READ_DURING_WRITE_MODE_PORT_A      ; NEW_DATA_NO_NBE_READ ; Untyped                                      ;
; READ_DURING_WRITE_MODE_PORT_B      ; NEW_DATA_NO_NBE_READ ; Untyped                                      ;
; INIT_FILE                          ; UNUSED               ; Untyped                                      ;
; INIT_FILE_LAYOUT                   ; PORT_A               ; Untyped                                      ;
; MAXIMUM_DEPTH                      ; 0                    ; Untyped                                      ;
; CLOCK_ENABLE_INPUT_A               ; NORMAL               ; Untyped                                      ;
; CLOCK_ENABLE_INPUT_B               ; NORMAL               ; Untyped                                      ;
; CLOCK_ENABLE_OUTPUT_A              ; NORMAL               ; Untyped                                      ;
; CLOCK_ENABLE_OUTPUT_B              ; NORMAL               ; Untyped                                      ;
; CLOCK_ENABLE_CORE_A                ; USE_INPUT_CLKEN      ; Untyped                                      ;
; CLOCK_ENABLE_CORE_B                ; USE_INPUT_CLKEN      ; Untyped                                      ;
; ENABLE_ECC                         ; FALSE                ; Untyped                                      ;
; ECC_PIPELINE_STAGE_ENABLED         ; FALSE                ; Untyped                                      ;
; WIDTH_ECCSTATUS                    ; 3                    ; Untyped                                      ;
; DEVICE_FAMILY                      ; Cyclone II           ; Untyped                                      ;
; CBXI_PARAMETER                     ; altsyncram_8og1      ; Untyped                                      ;
+------------------------------------+----------------------+----------------------------------------------+
Note: In order to hide this table in the UI and the text report file, please set the "Show Parameter Settings in Synthesis Report" option in "Analysis and Synthesis Settings -> More Settings" to "Off".


+---------------------------------------------------------------------------------------------------------+
; altsyncram Parameter Settings by Entity Instance                                                        ;
+-------------------------------------------+-------------------------------------------------------------+
; Name                                      ; Value                                                       ;
+-------------------------------------------+-------------------------------------------------------------+
; Number of entity instances                ; 1                                                           ;
; Entity Instance                           ; cache:instr_cache|gmemory:data|altsyncram:mem_reg[0][31]__1 ;
;     -- OPERATION_MODE                     ; DUAL_PORT                                                   ;
;     -- WIDTH_A                            ; 32                                                          ;
;     -- NUMWORDS_A                         ; 64                                                          ;
;     -- OUTDATA_REG_A                      ; UNREGISTERED                                                ;
;     -- WIDTH_B                            ; 32                                                          ;
;     -- NUMWORDS_B                         ; 64                                                          ;
;     -- ADDRESS_REG_B                      ; CLOCK0                                                      ;
;     -- OUTDATA_REG_B                      ; UNREGISTERED                                                ;
;     -- RAM_BLOCK_TYPE                     ; AUTO                                                        ;
;     -- READ_DURING_WRITE_MODE_MIXED_PORTS ; OLD_DATA                                                    ;
+-------------------------------------------+-------------------------------------------------------------+


+------------------------------------------------------------------------------------------------------------------------+
; Port Connectivity Checks: "cache:instr_cache"                                                                          ;
+--------------+--------+----------+-------------------------------------------------------------------------------------+
; Port         ; Type   ; Severity ; Details                                                                             ;
+--------------+--------+----------+-------------------------------------------------------------------------------------+
; cpu_wr       ; Input  ; Info     ; Stuck at GND                                                                        ;
; mem_write    ; Output ; Info     ; Connected to dangling logic. Logic that only feeds a dangling port will be removed. ;
; check_status ; Output ; Info     ; Connected to dangling logic. Logic that only feeds a dangling port will be removed. ;
+--------------+--------+----------+-------------------------------------------------------------------------------------+


+-------------------------------+
; Elapsed Time Per Partition    ;
+----------------+--------------+
; Partition Name ; Elapsed Time ;
+----------------+--------------+
; Top            ; 00:00:01     ;
+----------------+--------------+


+-------------------------------+
; Analysis & Synthesis Messages ;
+-------------------------------+
Info: *******************************************************************
Info: Running Quartus II 64-Bit Analysis & Synthesis
    Info: Version 13.0.1 Build 232 06/12/2013 Service Pack 1 SJ Web Edition
    Info: Processing started: Mon Aug 25 17:00:37 2014
Info: Command: quartus_map --read_settings_files=on --write_settings_files=off IF -c IF
Warning (20028): Parallel compilation is not licensed and has been disabled
Info (12021): Found 2 design units, including 1 entities, in source file if_complete.vhd
    Info (12022): Found design unit 1: if_complete-if_complete_behave
    Info (12023): Found entity 1: if_complete
Info (12021): Found 2 design units, including 1 entities, in source file /quartus projects/vlsiprojekat_memory/cache/cache.vhd
    Info (12022): Found design unit 1: cache-cache_behave
    Info (12023): Found entity 1: cache
Info (12021): Found 2 design units, including 1 entities, in source file /quartus projects/vlsiprojekat_memory/cache/gmemory.vhd
    Info (12022): Found design unit 1: gmemory-gmemory_behave
    Info (12023): Found entity 1: gmemory
Info (12127): Elaborating entity "if_complete" for the top level hierarchy
Info (12128): Elaborating entity "cache" for hierarchy "cache:instr_cache"
Info (12128): Elaborating entity "gmemory" for hierarchy "cache:instr_cache|gmemory:data"
Info (12128): Elaborating entity "altsyncram" for hierarchy "cache:instr_cache|gmemory:data|altsyncram:mem_reg[0][31]__1"
Info (12130): Elaborated megafunction instantiation "cache:instr_cache|gmemory:data|altsyncram:mem_reg[0][31]__1"
Info (12133): Instantiated megafunction "cache:instr_cache|gmemory:data|altsyncram:mem_reg[0][31]__1" with the following parameter:
    Info (12134): Parameter "OPERATION_MODE" = "DUAL_PORT"
    Info (12134): Parameter "WIDTH_A" = "32"
    Info (12134): Parameter "WIDTHAD_A" = "6"
    Info (12134): Parameter "NUMWORDS_A" = "64"
    Info (12134): Parameter "WIDTH_B" = "32"
    Info (12134): Parameter "WIDTHAD_B" = "6"
    Info (12134): Parameter "NUMWORDS_B" = "64"
    Info (12134): Parameter "ADDRESS_ACLR_A" = "NONE"
    Info (12134): Parameter "OUTDATA_REG_B" = "UNREGISTERED"
    Info (12134): Parameter "ADDRESS_ACLR_B" = "NONE"
    Info (12134): Parameter "OUTDATA_ACLR_B" = "NONE"
    Info (12134): Parameter "ADDRESS_REG_B" = "CLOCK0"
    Info (12134): Parameter "INDATA_ACLR_A" = "NONE"
    Info (12134): Parameter "WRCONTROL_ACLR_A" = "NONE"
    Info (12134): Parameter "READ_DURING_WRITE_MODE_MIXED_PORTS" = "OLD_DATA"
Info (12021): Found 1 design units, including 1 entities, in source file db/altsyncram_8og1.tdf
    Info (12023): Found entity 1: altsyncram_8og1
Info (12128): Elaborating entity "altsyncram_8og1" for hierarchy "cache:instr_cache|gmemory:data|altsyncram:mem_reg[0][31]__1|altsyncram_8og1:auto_generated"
Info (276014): Found 1 instances of uninferred RAM logic
    Info (276007): RAM logic "cache:instr_cache|tag" is uninferred due to asynchronous read logic
Warning (13008): TRI or OPNDRN buffers permanently disabled
    Warning (13010): Node "cache:instr_cache|mem_data[0]~synth"
    Warning (13010): Node "cache:instr_cache|mem_data[1]~synth"
    Warning (13010): Node "cache:instr_cache|mem_data[2]~synth"
    Warning (13010): Node "cache:instr_cache|mem_data[3]~synth"
    Warning (13010): Node "cache:instr_cache|mem_data[4]~synth"
    Warning (13010): Node "cache:instr_cache|mem_data[5]~synth"
    Warning (13010): Node "cache:instr_cache|mem_data[6]~synth"
    Warning (13010): Node "cache:instr_cache|mem_data[7]~synth"
    Warning (13010): Node "cache:instr_cache|mem_data[8]~synth"
    Warning (13010): Node "cache:instr_cache|mem_data[9]~synth"
    Warning (13010): Node "cache:instr_cache|mem_data[10]~synth"
    Warning (13010): Node "cache:instr_cache|mem_data[11]~synth"
    Warning (13010): Node "cache:instr_cache|mem_data[12]~synth"
    Warning (13010): Node "cache:instr_cache|mem_data[13]~synth"
    Warning (13010): Node "cache:instr_cache|mem_data[14]~synth"
    Warning (13010): Node "cache:instr_cache|mem_data[15]~synth"
    Warning (13010): Node "cache:instr_cache|mem_data[16]~synth"
    Warning (13010): Node "cache:instr_cache|mem_data[17]~synth"
    Warning (13010): Node "cache:instr_cache|mem_data[18]~synth"
    Warning (13010): Node "cache:instr_cache|mem_data[19]~synth"
    Warning (13010): Node "cache:instr_cache|mem_data[20]~synth"
    Warning (13010): Node "cache:instr_cache|mem_data[21]~synth"
    Warning (13010): Node "cache:instr_cache|mem_data[22]~synth"
    Warning (13010): Node "cache:instr_cache|mem_data[23]~synth"
    Warning (13010): Node "cache:instr_cache|mem_data[24]~synth"
    Warning (13010): Node "cache:instr_cache|mem_data[25]~synth"
    Warning (13010): Node "cache:instr_cache|mem_data[26]~synth"
    Warning (13010): Node "cache:instr_cache|mem_data[27]~synth"
    Warning (13010): Node "cache:instr_cache|mem_data[28]~synth"
    Warning (13010): Node "cache:instr_cache|mem_data[29]~synth"
    Warning (13010): Node "cache:instr_cache|mem_data[30]~synth"
    Warning (13010): Node "cache:instr_cache|mem_data[31]~synth"
Info (17049): 32 registers lost all their fanouts during netlist optimizations.
Info (16010): Generating hard_block partition "hard_block:auto_generated_inst"
    Info (16011): Adding 0 node(s), including 0 DDIO, 0 PLL, 0 transceiver and 0 LCELL
Info (21057): Implemented 1356 device resources after synthesis - the final resource count might be different
    Info (21058): Implemented 71 input pins
    Info (21059): Implemented 99 output pins
    Info (21060): Implemented 32 bidirectional pins
    Info (21061): Implemented 1122 logic cells
    Info (21064): Implemented 32 RAM segments
Info: Quartus II 64-Bit Analysis & Synthesis was successful. 0 errors, 34 warnings
    Info: Peak virtual memory: 506 megabytes
    Info: Processing ended: Mon Aug 25 17:00:41 2014
    Info: Elapsed time: 00:00:04
    Info: Total CPU time (on all processors): 00:00:03


